---
source: crates/cowboy-tui/src/app/mod.rs
expression: render(&app)
---
╭ cowboy · 20260614-abcd ───────────────────────╮╭ plan 1/3 ───────────╮
│› refactor the parser                          ││✓ read the existing  │
│                                               ││parser               │
│                                               ││▸ extract the        │
│                                               │╰─────────────────────╯
│                                               │╭ network ────────────╮
│                                               ││no network activity  │
│                                               ││yet                  │
│                                               ││                     │
│                                               │╰─────────────────────╯
│                                               │╭ background ─────────╮
│                                               ││no background activit│
│                                               ││                     │
╰───────────────────────────────────────────────╯╰─────────────────────╯
⠷  thinking 0s…
╭ Enter send · Shift+Enter newline · /help · Ctrl-C interrupt ─────────╮
│                                                                      │
╰──────────────────────────────────────────────────────────────────────╯
