---
source: crates/cowboy-tui/src/app/mod.rs
expression: render(&app)
---
╭ cowboy ───────────────────────────────────────╮╭ network ────────────╮
│› ╭ Network request ───────────────────────────────────────────────╮  │
│  │ destination       crates.io:443                                │  │
│  │ protocol          TLS                                          │  │
│  │ address           13.226.34.10 — external                      │  │
│  │ requested by      cargo test --workspace --all-targets         │  │
│  │ why you're asked  no rule matches; default for external is ask │  │
│  │                                                                │──╯
│  │ 3 endpoints are already saved for this project                 │──╮
│  │                                                                │it│
│  │ o  once — this connection only; the next one asks again        │  │
│  │ s  session — every request here until this session ends        │  │
│  │ p  project — always allow here (saved for this repo)           │  │
╰──│ g  global — always allow, in every project (saved)             │──╯
   │ d  deny — for the rest of this session                         │
╭ E╰ press a key · Esc = deny ──────────────────────────────────────╯──╮
│                                                                      │
╰──────────────────────────────────────────────────────────────────────╯
