---
source: crates/cowboy-tui/src/app/mod.rs
expression: render(&app)
---
╭ cowboy · 20260614-abcd ───────────────────────╮╭ network ────────────╮
│Welcome to cowboy — the agent runs sandboxed in││no network activity  │
│Docker.                                        ││yet                  │
│workspace  /home/dev/myproject                 ││                     │
│model      anthropic/claude-sonnet-4-6         ││                     │
│(gw.local)                                     ││                     │
│branch     main                                ││                     │
│Type a message to begin · Enter sends · Ctrl-C │╰─────────────────────╯
│menu                                           │╭ background ─────────╮
│                                               ││no background activit│
│                                               ││                     │
│                                               ││                     │
│                                               ││                     │
╰───────────────────────────────────────────────╯╰─────────────────────╯
   ready — ready
╭ Enter send · Shift+Enter newline · ↑↓ history · drag+y copy · /help ·╮
│                                                                      │
╰──────────────────────────────────────────────────────────────────────╯
