---
source: crates/cowboy-tui/src/app/mod.rs
expression: render(&app)
---
╭ cowboy · 20260614-abcd ───────────────────────╮╭ network ────────────╮
│› start the dev server                         ││no network activity  │
│                                               ││yet                  │
│✓ Server running on :3000.                     ││                     │
│                                               ││                     │
│                                               ││                     │
│                                               ││                     │
│                                               │╰─────────────────────╯
│                                               │╭ background ─────────╮
│                                               ││web          running │
│                                               ││                     │
│                                               ││                     │
│                                               ││                     │
╰───────────────────────────────────────────────╯╰─────────────────────╯
   ready · /diff to review, then commit                     Δ 2f +30 -4
╭ Enter send · Shift+Enter newline · ↑↓ history · drag+y copy · /help ·╮
│                                                                      │
╰──────────────────────────────────────────────────────────────────────╯
