---
source: crates/cowboy-tui/src/app/mod.rs
expression: render(&app)
---
╭ ~/dev/cowboy  ⎇ main ─────────────────────────╮╭ network ────────────╮
│› refactor the parser                          ││no network activity  │
│                                               ││yet                  │
│✓ Done.                                        ││                     │
│                                               ││                     │
│                                               ││                     │
│                                               ││                     │
│                                               │╰─────────────────────╯
│                                               │╭ background ─────────╮
│                                               ││no background activit│
│                                               ││                     │
│                                               ││                     │
│                                               ││                     │
╰───────────────────────────────────────────────╯╰─────────────────────╯
   ready · /diff to review, then commit      ~128k↑ 9.1k↓   Δ 2f +30 -4
╭ Enter send · Shift+Enter newline · ↑↓ history · drag+y copy · /help ·╮
│                                                                      │
╰──────────────────────────────────────────────────────────────────────╯
