---
source: crates/cowboy-tui/src/app/mod.rs
expression: render(&app)
---
╭ cowboy ───────────────────────────────────────╮╭ network ────────────╮
│› build the project                            ││no network activity  │
│                                               ││yet                  │
│                                               ││                     │
│  ╭ Approval ──────────────────────────────────────────────────────╮  │
│  │github.com:443                                                  │  │
│  │                                                                │  │
│  │ o  once — this connection only; the next one asks again        │──╯
│  │ s  session — every request here until this session ends        │──╮
│  │ p  project — always allow here (saved for this repo)           │it│
│  │ g  global — always allow, in every project (saved)             │  │
│  │ d  deny — for the rest of this session                         │  │
│  ╰ press a key · Esc = deny ──────────────────────────────────────╯  │
╰───────────────────────────────────────────────╯╰─────────────────────╯
   ⏳  paused for you — your call · waiting 0s
╭ Enter send · Shift+Enter newline · F1 help ──────────────────────────╮
│                                                                      │
╰──────────────────────────────────────────────────────────────────────╯
