---
source: crates/cowboy-tui/src/app/mod.rs
assertion_line: 1797
expression: render(&app)
---
╭ cowboy ───────────────────────────────────────╮╭ network ────────────╮
│› run the deploy script                        ││no network activity  │
│  ╭ Credential access ─────────────────────────────────────────────╮  │
│  │ mount   ~/.netrc                                               │  │
│  │ as      /root/.netrc                                           │  │
│  │ access  read-only                                              │  │
│  │                                                                │  │
│  │ declared in this project's security.yaml                       │──╯
│  │                                                                │──╮
│  │ o  once — just this request                                    │it│
│  │ s  session — every request here until this session ends        │  │
│  │ p  project — always allow here (saved for this repo)           │  │
│  │ g  global — always allow everywhere                            │  │
╰──│ d  deny                                                        │──╯
   ╰ press a key · Esc = deny ──────────────────────────────────────╯
╭ Enter send · Shift+Enter newline · F1 help ──────────────────────────╮
│                                                                      │
╰──────────────────────────────────────────────────────────────────────╯
