---
source: crates/cowboy-tui/src/app/mod.rs
expression: render(&app)
---
╭ cowboy ───────────────────────────────────────╮╭ network ────────────╮
│                                               ││no network activity  │
│                                               ││yet                  │
│                                               ││                     │
│                                               ││                     │
│                                               ││                     │
│                                               ││                     │
│                                               │╰─────────────────────╯
│                                               │╭ background ─────────╮
│                                               ││no background activit│
│                                               ││                     │
╭ 2 matches · Tab ───────────────────────────────╮                     │
│/github:review-pr  <pr-number-or-url> [filename]│                     │
│/git:setup-worktree  set up a new worktree      │─────────────────────╯
╰────────────────────────────────────────────────╯
╭ Enter send · Shift+Enter newline · ↑↓ history · drag+y copy · /help ·╮
│/gi                                                                   │
╰──────────────────────────────────────────────────────────────────────╯
