---
source: crates/cowboy-tui/src/app/mod.rs
expression: render(&app)
---
╭ cowboy ───────────────────────────────────────╮╭ network ────────────╮
│› fix the failing test                         ││ask example.com:443  │
│                                               ││                     │
│$ cargo test                                   ││                     │
│  test result: FAILED                          ││                     │
│                                               ││                     │
│Looking at the failure...                      ││                     │
│                                               │╰─────────────────────╯
│                                               │╭ background ─────────╮
│                                               ││no background activit│
│                                               ││                     │
│                                               ││                     │
│                                               ││                     │
╰───────────────────────────────────────────────╯╰─────────────────────╯
⠷  thinking 0s…
╭ Enter send · Shift+Enter newline · /help · Ctrl-C interrupt ─────────╮
│                                                                      │
╰──────────────────────────────────────────────────────────────────────╯
