---
source: crates/cowboy-tui/src/app/mod.rs
expression: render(&app)
---
╭ cowboy ───────────────────────────────────────╮╭ network ────────────╮
│› do work                                      ││no network activity  │
│                                               ││yet                  │
│                                               ││                     │
│   ╭ Paused ──────────────────────────────────────────────────────╮   │
│   │r  resume                                                     │   │
│   │i  instruct — stop this turn and redirect (history kept)      │   │
│   │k  kill — stop the running command/turn only                  │───╯
│   │w  watch — open a subagent's live output                      │───╮
│   │d  detach — leave it running in the background, exit          │vit│
│   │e  end — finish the session                                   │   │
│   │                                                              │   │
│   │press a key  ·  Esc = resume                                  │   │
╰───╰──────────────────────────────────────────────────────────────╯───╯
   paused — ready
╭ Enter send · Shift+Enter newline · /help · Ctrl-C interrupt ─────────╮
│                                                                      │
╰──────────────────────────────────────────────────────────────────────╯
