---
source: crates/cowboy-tui/src/app.rs
expression: render(&app)
---
┌ cowboy ───────────────────────────────────────┐┌ network ────────────┐
│you do work                                    ││                     │
│                                               ││                     │
│                                               ││                     │
│                                               ││                     │
│   ┌ Paused ──────────────────────────────────────────────────────┐   │
│   │Agent paused.                                                 │   │
│   │                                                              │───┘
│   │[r]esume  [i]nstruct  [k]ill command  [e]nd session           │───┐
│   │                                                              │es │
│   │                                                              │   │
│   └──────────────────────────────────────────────────────────────┘   │
│                                               ││                     │
└───────────────────────────────────────────────┘└─────────────────────┘
   paused — ready
┌ type a message · Enter send · Ctrl-C interrupt ──────────────────────┐
│                                                                      │
└──────────────────────────────────────────────────────────────────────┘
