---
source: crates/cowboy-tui/src/app.rs
expression: render(&app)
---
╭ cowboy ───────────────────────────────────────╮╭ network ────────────╮
│› create a hello world                         ││no network activity  │
│                                               ││yet                  │
│✓ Done — created main.rs.                      ││                     │
│                                               ││                     │
│                                               ││                     │
│                                               ││                     │
│                                               │╰─────────────────────╯
│                                               │╭ processes ──────────╮
│                                               ││no managed processes │
│                                               ││                     │
│                                               ││                     │
│                                               ││                     │
╰───────────────────────────────────────────────╯╰─────────────────────╯
   ready — ready
╭ message cowboy · Enter send · PgUp/wheel scroll · Ctrl-C menu ───────╮
│                                                                      │
╰──────────────────────────────────────────────────────────────────────╯
