---
source: crates/cowboy-tui/src/app.rs
expression: render(&app)
---
╭ ~/dev/cowboy  ⎇ main ─────────────────────────╮╭ network ────────────╮
│› refactor the parser                          ││no network activity  │
│                                               ││yet                  │
│✓ Done.                                        ││                     │
│                                               ││                     │
│                                               ││                     │
│                                               ││                     │
│                                               │╰─────────────────────╯
│                                               │╭ processes ──────────╮
│                                               ││no managed processes │
│                                               ││                     │
│                                               ││                     │
│                                               ││                     │
╰───────────────────────────────────────────────╯╰─────────────────────╯
   ready — ready                             ~128k↑ 9.1k↓   Δ 2f +30 -4
╭ message cowboy · Enter send · PgUp/wheel scroll · Ctrl-C menu ───────╮
│                                                                      │
╰──────────────────────────────────────────────────────────────────────╯
