---
source: crates/cowboy-tui/src/app.rs
expression: render(&app)
---
┌ cowboy ──────────────────────────────────────────────────┐
│✓ Implemented the fix; tests pass.                        │
│                                                          │
│                                                          │
│                                                          │
│                                                          │
│                                                          │
│                                                          │
│                                                          │
│                                                          │
│                                                          │
└──────────────────────────────────────────────────────────┘
   done — finished
┌ session finished — press q to quit ──────────────────────┐
│>                                                         │
└──────────────────────────────────────────────────────────┘
