---
source: crates/cowboy-tui/src/app.rs
expression: render(&app)
---
╭ cowboy ───────────────────────────────────────╮╭ network ────────────╮
│› fix the failing test                         ││ask example.com:443  │
│                                               ││                     │
│$ cargo test                                   ││                     │
│  test result: FAILED                          ││                     │
│                                               ││                     │
│Looking at the failure...                      ││                     │
│                                               │╰─────────────────────╯
│                                               │╭ processes ──────────╮
│                                               ││no managed processes │
│                                               ││                     │
│                                               ││                     │
│                                               ││                     │
╰───────────────────────────────────────────────╯╰─────────────────────╯
⠷  running — exec: cargo test
╭ type a message · Enter send · PgUp/wheel scroll · Ctrl-C interrupt ──╮
│                                                                      │
╰──────────────────────────────────────────────────────────────────────╯
