---
source: crates/cowboy-tui/src/app.rs
expression: render(&app)
---
╭ cowboy ───────────────────────────────────────╮╭ network ────────────╮
│› build the project                            ││no network activity  │
│                                               ││yet                  │
│                                               ││                     │
│                                               ││                     │
│   ╭ Approval ────────────────────────────────────────────────────╮   │
│   │github.com:443                                                │   │
│   │                                                              │───╯
│   │[o]nce [s]ession [p]roject [g]lobal [d]eny                    │───╮
│   │                                                              │vit│
│   │                                                              │   │
│   ╰──────────────────────────────────────────────────────────────╯   │
│                                               ││                     │
╰───────────────────────────────────────────────╯╰─────────────────────╯
   approval — ready
╭ Enter send · Shift+Enter newline · /help · Ctrl-C interrupt ─────────╮
│                                                                      │
╰──────────────────────────────────────────────────────────────────────╯
