---
source: crates/cowboy-tui/src/app.rs
expression: render(&app)
---
╭ cowboy ───────────────────────────────────────╮╭ network ────────────╮
│› do work                                      ││no network activity  │
│                                               ││yet                  │
│                                               ││                     │
│                                               ││                     │
│   ╭ Paused ──────────────────────────────────────────────────────╮   │
│   │Agent paused.                                                 │   │
│   │                                                              │───╯
│   │[r]esume  [i]nstruct  [k]ill command  [e]nd session           │───╮
│   │                                                              │es │
│   │                                                              │   │
│   ╰──────────────────────────────────────────────────────────────╯   │
│                                               ││                     │
╰───────────────────────────────────────────────╯╰─────────────────────╯
   paused — ready
╭ type a message · Enter send · PgUp/wheel scroll · Ctrl-C interrupt ──╮
│                                                                      │
╰──────────────────────────────────────────────────────────────────────╯
