---
source: crates/cowboy-tui/src/app.rs
expression: render(&app)
---
╭ cowboy ───────────────────────────────────────╮╭ network ────────────╮
│› do work                                      ││no network activity  │
│                                               ││yet                  │
│                                               ││                     │
│                                               ││                     │
│   ╭ Paused ──────────────────────────────────────────────────────╮   │
│   │Agent paused.                                                 │   │
│   │                                                              │───╯
│   │[r]esume  [i]nstruct  [k]ill command  [d]etach  [e]nd session │───╮
│   │                                                              │vit│
│   │                                                              │   │
│   ╰──────────────────────────────────────────────────────────────╯   │
│                                               ││                     │
╰───────────────────────────────────────────────╯╰─────────────────────╯
   paused — ready
╭ Enter send · Shift+Enter newline · /help · Ctrl-C interrupt ─────────╮
│                                                                      │
╰──────────────────────────────────────────────────────────────────────╯
