---
source: crates/cowboy-tui/src/app.rs
expression: render(&app)
---
╭ cowboy ───────────────────────────────────────╮╭ network ────────────╮
│› create a hello world                         ││no network activity  │
│                                               ││yet                  │
│✓ Done — created main.rs.                      ││                     │
│                                               ││                     │
│                                               ││                     │
│                                               ││                     │
│                                               │╰─────────────────────╯
│                                               │╭ background ─────────╮
│                                               ││no background activit│
│                                               ││                     │
│                                               ││                     │
│                                               ││                     │
╰───────────────────────────────────────────────╯╰─────────────────────╯
   ready — ready
╭ Enter send · Shift+Enter newline · ↑↓ history · /help · Ctrl-C menu ─╮
│                                                                      │
╰──────────────────────────────────────────────────────────────────────╯
